Copyright 1986-2019 Xilinx, Inc. All Rights Reserved.
---------------------------------------------------------------------------------------------------
| Tool Version : Vivado v.2019.1 (win64) Build 2552052 Fri May 24 14:49:42 MDT 2019
| Date         : Wed Jun 29 03:58:38 2022
| Host         : RayBeast running 64-bit major release  (build 9200)
| Command      : report_incremental_reuse -file openmips_min_sopc_incremental_reuse_pre_placed.rpt
| Design       : openmips_min_sopc
| Device       : xc7a100t
| Design State : Fully Routed
---------------------------------------------------------------------------------------------------

Incremental Implementation Information

Table of Contents
-----------------
1. Reuse Summary
2. Reference Checkpoint Information
3. Comparison with Reference Run
4. Non Reuse Information

1. Reuse Summary
----------------

+-------+----------------------+--------------------+--------------------+-------+
|  Type | Matched % (of Total) | Reuse % (of Total) | Fixed % (of Total) | Total |
+-------+----------------------+--------------------+--------------------+-------+
| Cells |               100.00 |             100.00 |               1.33 | 16671 |
| Nets  |                99.95 |             100.00 |               0.00 | 12740 |
| Pins  |                    - |             100.00 |                  - | 69707 |
| Ports |               100.00 |             100.00 |             100.00 |   104 |
+-------+----------------------+--------------------+--------------------+-------+
* Reused % can exceed matched % when unmatched nets take their routing from nets with similar placement and connectivity


2. Reference Checkpoint Information
-----------------------------------

+----------------+------------------------------------------------------------------------------------------+
| DCP Location:  | D:/Ray/Vivado/OpenMIPS/OpenMIPS.srcs/utils_1/imports/impl_1/openmips_min_sopc_routed.dcp |
+----------------+------------------------------------------------------------------------------------------+


+--------------------------------+----------------------------+
|         DCP Information        |            Value           |
+--------------------------------+----------------------------+
| Vivado Version                 |                     2019.1 |
| DCP State                      |                 POST_ROUTE |
| Recorded WNS                   |                      1.454 |
| Recorded WHS                   |                      0.029 |
| Reference Speed File Version   | PRODUCTION 1.23 2018-06-13 |
| Incremental Speed File Version | PRODUCTION 1.23 2018-06-13 |
+--------------------------------+----------------------------+
* Recorded WNS/WHS timing numbers are estimated timing numbers. They may vary slightly from sign-off timing numbers.


3. Comparison with Reference Run
--------------------------------

+-----------------+---------------------------+---------------------------+---------------------------+
|                 |          WNS(ns)          |  Runtime(elapsed)(hh:mm)  |    Runtime(cpu)(hh:mm)    |
+-----------------+-------------+-------------+-------------+-------------+-------------+-------------+
|      Stage      |  Reference  | Incremental |  Reference  | Incremental |  Reference  | Incremental |
+-----------------+-------------+-------------+-------------+-------------+-------------+-------------+
| synth_design    |             |             |       00:03 |       00:02 |       00:03 |       00:02 |
| opt_design      |             |             |     < 1 min |     < 1 min |     < 1 min |     < 1 min |
| read_checkpoint |             |             |     < 1 min |     < 1 min |     < 1 min |     < 1 min |
+-----------------+-------------+-------------+-------------+-------------+-------------+-------------+


4. Non Reuse Information
------------------------

+-----------------------+------+
|          Type         |   %  |
+-----------------------+------+
| Non-Reused Cells      | 0.00 |
| Partially reused nets | 0.00 |
| Non-Reused nets       | 0.00 |
| Non-Reused Ports      | 0.00 |
+-----------------------+------+


